﻿­ƒº¬ Iniciando teste de e-mail...
­ƒôº E-mail configurado: undefined
­ƒöÉ Senha configurada: N├úo
[2025-11-23 22:05:54] DEBUG Creating transport: nodemailer (6.10.1; +https://nodemailer.com/; SMTP/6.10.1[client:6.10.1])
­ƒöì Verificando conex├úo...
[2025-11-23 22:05:54] DEBUG [3KXEhRuVzGk] Resolved smtp.gmail.com as 142.251.0.109 [cache miss]
[2025-11-23 22:05:54] INFO  [3KXEhRuVzGk] Secure connection established to 142.251.0.109:465
[2025-11-23 22:05:54] DEBUG [3KXEhRuVzGk] S: 220 smtp.gmail.com ESMTP 5a478bee46e88-2a6fc204881sm51855320eec.0 - gsmtp
[2025-11-23 22:05:54] DEBUG [3KXEhRuVzGk] C: EHLO [127.0.0.1]
[2025-11-23 22:05:55] DEBUG [3KXEhRuVzGk] S: 250-smtp.gmail.com at your service, [191.17.107.39]
[2025-11-23 22:05:55] DEBUG [3KXEhRuVzGk] S: 250-SIZE 35882577
[2025-11-23 22:05:55] DEBUG [3KXEhRuVzGk] S: 250-8BITMIME
[2025-11-23 22:05:55] DEBUG [3KXEhRuVzGk] S: 250-AUTH LOGIN PLAIN XOAUTH2 PLAIN-CLIENTTOKEN OAUTHBEARER XOAUTH
[2025-11-23 22:05:55] DEBUG [3KXEhRuVzGk] S: 250-ENHANCEDSTATUSCODES
[2025-11-23 22:05:55] DEBUG [3KXEhRuVzGk] S: 250-PIPELINING
[2025-11-23 22:05:55] DEBUG [3KXEhRuVzGk] S: 250-CHUNKING
[2025-11-23 22:05:55] DEBUG [3KXEhRuVzGk] S: 250 SMTPUTF8
[2025-11-23 22:05:55] DEBUG [3KXEhRuVzGk] SMTP handshake finished
[2025-11-23 22:05:55] DEBUG [3KXEhRuVzGk] Closing connection to the server using "end"
node : ÔØî Erro ao 
testar e-mail:
No linha:1 caractere:1
+ node server/testar-e
mail.js > 
test_output.txt 2>&1
+ ~~~~~~~~~~~~~~~~~~~~
~~~~~~~~~~~~~~~~~~~~~~
~~~~~~~~
    + CategoryInfo    
          : NotSpeci  
  fied: (ÔØî Erro a   
 o testar e-mail::    
String) [], Remot    
eException
    + FullyQualifiedE 
   rrorId : NativeCo  
  mmandError
 
Erro completo: Error: 
Missing credentials 
for "PLAIN"
    at SMTPConnection.
_formatError (C:\PROJE
TOS\FINAN├çAS\financas
-facil\server\node_mod
ules\nodemailer\lib\sm
tp-connection\index.js
:809:19)
    at 
SMTPConnection.login (
C:\PROJETOS\FINAN├çAS\
financas-facil\server\
node_modules\nodemaile
r\lib\smtp-connection\
index.js:454:38)
    at C:\PROJETOS\FIN
AN├çAS\financas-facil\
server\node_modules\no
demailer\lib\smtp-tran
sport\index.js:375:32
    at SMTPConnection.
<anonymous> (C:\PROJET
OS\FINAN├çAS\financas-
facil\server\node_modu
les\nodemailer\lib\smt
p-connection\index.js:
215:17)
    at 
Object.onceWrapper 
(node:events:632:28)
    at 
SMTPConnection.emit 
(node:events:518:28)
    at SMTPConnection.
_actionEHLO (C:\PROJET
OS\FINAN├çAS\financas-
facil\server\node_modu
les\nodemailer\lib\smt
p-connection\index.js:
1371:14)
    at SMTPConnection.
_processResponse (C:\P
ROJETOS\FINAN├çAS\fina
ncas-facil\server\node
_modules\nodemailer\li
b\smtp-connection\inde
x.js:993:20)
    at SMTPConnection.
_onData (C:\PROJETOS\F
INAN├çAS\financas-faci
l\server\node_modules\
nodemailer\lib\smtp-co
nnection\index.js:774:
14)
    at SMTPConnection.
_onSocketData (C:\PROJ
ETOS\FINAN├çAS\financa
s-facil\server\node_mo
dules\nodemailer\lib\s
mtp-connection\index.j
s:195:44) {
  code: 'EAUTH',
  command: 'API'
}
C├│digo do erro: EAUTH
Resposta do servidor: 
undefined

ƒöÆ Problema de 
autentica├º├úo!
Verifique:
1. Se o e-mail est├í 
correto
2. Se a senha de app 
est├í correta (16 
caracteres)
3. Se a verifica├º├úo 
em 2 etapas est├í 
ativada
4. Se a senha de app 
foi gerada 
corretamente
[2025-11-23 22:05:55] INFO  [3KXEhRuVzGk] Connection closed
